******************************************************************************
                  TI ARM Linker PC v20.2.0                     
******************************************************************************
>> Linked Sat May 16 13:58:07 2020

OUTPUT FILE NAME:   <Lab9.out>
ENTRY POINT SYMBOL: "_c_int00_noinit_noargs"  address: 00000685


MEMORY CONFIGURATION

         name            origin    length      used     unused   attr    fill
----------------------  --------  ---------  --------  --------  ----  --------
  FLASH                 00000000   00020000  00000860  0001f7a0  R  X
  SRAM                  20000000   00008000  00000200  00007e00  RW X


SEGMENT ALLOCATION MAP

run origin  load origin   length   init length attrs members
----------  ----------- ---------- ----------- ----- -------
00000000    00000000    00000860   00000860    r-x
  00000000    00000000    0000026c   0000026c    r-- .intvecs
  0000026c    0000026c    000004f4   000004f4    r-x .text
  00000760    00000760    00000100   00000100    r-- .const
20000000    20000000    00000200   00000000    rw-
  20000000    20000000    00000200   00000000    rw- .stack


SECTION ALLOCATION MAP

 output                                  attributes/
section   page    origin      length       input sections
--------  ----  ----------  ----------   ----------------
.intvecs   0    00000000    0000026c     
                  00000000    0000026c     tm4c123ge6pm_startup_ccs.obj (.intvecs)

.text      0    0000026c    000004f4     
                  0000026c    00000132     driverlib.lib : gpio.obj (.text:GPIOPadConfigSet)
                  0000039e    00000002     --HOLE-- [fill = 0]
                  000003a0    000000f4                   : sysctl.obj (.text:SysCtlClockSet)
                  00000494    000000ac     main.obj (.text)
                  00000540    00000068     driverlib.lib : interrupt.obj (.text:IntEnable)
                  000005a8    00000060                   : timer.obj (.text:TimerConfigure)
                  00000608    00000048                   : gpio.obj (.text:GPIOPinConfigure)
                  00000650    00000034                   : sysctl.obj (.text:SysCtlPeripheralEnable)
                  00000684    0000002c     rtsv7M4_T_le_v4SPD16_eabi.lib : boot_cortex_m.c.obj (.text:_c_int00_noinit_noargs:_c_int00_noinit_noargs)
                  000006b0    0000002a     driverlib.lib : gpio.obj (.text:GPIODirModeSet)
                  000006da    00000018                   : gpio.obj (.text:GPIOPinTypeGPIOOutput)
                  000006f2    00000012                   : timer.obj (.text:TimerLoadSet)
                  00000704    00000010                   : interrupt.obj (.text:IntMasterEnable)
                  00000714    0000000e                   : timer.obj (.text:TimerEnable)
                  00000722    0000000c                   : cpu.obj (.text:CPUcpsie)
                  0000072e    0000000c     tm4c123ge6pm_startup_ccs.obj (.text)
                  0000073a    00000008     driverlib.lib : timer.obj (.text:TimerIntEnable)
                  00000742    00000006                   : gpio.obj (.text:GPIOPinRead)
                  00000748    00000006                   : gpio.obj (.text:GPIOPinWrite)
                  0000074e    00000006                   : sysctl.obj (.text:SysCtlDelay)
                  00000754    00000004                   : timer.obj (.text:TimerIntClear)
                  00000758    00000004     rtsv7M4_T_le_v4SPD16_eabi.lib : pre_init.c.obj (.text:_system_pre_init)
                  0000075c    00000004                                   : exit.c.obj (.text:abort:abort)

.const     0    00000760    00000100     
                  00000760    00000090     driverlib.lib : gpio.obj (.const:g_pui32GPIOBaseAddrs)
                  000007f0    00000070                   : interrupt.obj (.const)

.cinit     0    00000000    00000000     UNINITIALIZED

.init_array 
*          0    00000000    00000000     UNINITIALIZED

.stack     0    20000000    00000200     UNINITIALIZED
                  20000000    00000004     rtsv7M4_T_le_v4SPD16_eabi.lib : boot_cortex_m.c.obj (.stack)
                  20000004    000001fc     --HOLE--

__llvm_prf_cnts 
*          0    20000000    00000000     UNINITIALIZED

MODULE SUMMARY

       Module                         code   ro data   rw data
       ------                         ----   -------   -------
    .\
       tm4c123ge6pm_startup_ccs.obj   12     620       0      
       main.obj                       172    0         0      
    +--+------------------------------+------+---------+---------+
       Total:                         184    620       0      
                                                              
    C:/ti/TivaWare_C_Series-2.1.4.178/driverlib/ccs/Debug/driverlib.lib
       gpio.obj                       456    144       0      
       sysctl.obj                     302    0         0      
       interrupt.obj                  120    112       0      
       timer.obj                      140    0         0      
       cpu.obj                        12     0         0      
    +--+------------------------------+------+---------+---------+
       Total:                         1030   256       0      
                                                              
    C:\ti\ccs1000\ccs\tools\compiler\ti-cgt-arm_20.2.0.LTS\lib\rtsv7M4_T_le_v4SPD16_eabi.lib
       boot_cortex_m.c.obj            44     0         0      
       exit.c.obj                     4      0         0      
       pre_init.c.obj                 4      0         0      
    +--+------------------------------+------+---------+---------+
       Total:                         52     0         0      
                                                              
       Stack:                         0      0         512    
    +--+------------------------------+------+---------+---------+
       Grand Total:                   1266   876       512    


GLOBAL SYMBOLS: SORTED ALPHABETICALLY BY Name 

address   name                   
-------   ----                   
0000075d  C$$EXIT                
00000723  CPUcpsie               
000006b1  GPIODirModeSet         
0000026d  GPIOPadConfigSet       
00000609  GPIOPinConfigure       
00000743  GPIOPinRead            
000006db  GPIOPinTypeGPIOOutput  
00000749  GPIOPinWrite           
00000541  IntEnable              
00000705  IntMasterEnable        
0000072f  ResetISR               
000003a1  SysCtlClockSet         
0000074f  SysCtlDelay            
00000651  SysCtlPeripheralEnable 
000004f5  Timer0IntHandler       
000005a9  TimerConfigure         
00000715  TimerEnable            
00000755  TimerIntClear          
0000073b  TimerIntEnable         
000006f3  TimerLoadSet           
20000200  __STACK_END            
00000200  __STACK_SIZE           
20000200  __STACK_TOP            
ffffffff  __TI_pprof_out_hndl    
ffffffff  __TI_prof_data_size    
ffffffff  __TI_prof_data_start   
00000000  __TI_static_base__     
ffffffff  __binit__              
ffffffff  __c_args__             
UNDEFED   __mpu_init             
20000000  __stack                
20000000  __start___llvm_prf_cnts
20000000  __stop___llvm_prf_cnts 
00000685  _c_int00_noinit_noargs 
00000759  _system_pre_init       
0000075d  abort                  
ffffffff  binit                  
00000000  g_pfnVectors           
00000495  main                   


GLOBAL SYMBOLS: SORTED BY Symbol Address 

address   name                   
-------   ----                   
00000000  __TI_static_base__     
00000000  g_pfnVectors           
00000200  __STACK_SIZE           
0000026d  GPIOPadConfigSet       
000003a1  SysCtlClockSet         
00000495  main                   
000004f5  Timer0IntHandler       
00000541  IntEnable              
000005a9  TimerConfigure         
00000609  GPIOPinConfigure       
00000651  SysCtlPeripheralEnable 
00000685  _c_int00_noinit_noargs 
000006b1  GPIODirModeSet         
000006db  GPIOPinTypeGPIOOutput  
000006f3  TimerLoadSet           
00000705  IntMasterEnable        
00000715  TimerEnable            
00000723  CPUcpsie               
0000072f  ResetISR               
0000073b  TimerIntEnable         
00000743  GPIOPinRead            
00000749  GPIOPinWrite           
0000074f  SysCtlDelay            
00000755  TimerIntClear          
00000759  _system_pre_init       
0000075d  C$$EXIT                
0000075d  abort                  
20000000  __stack                
20000000  __start___llvm_prf_cnts
20000000  __stop___llvm_prf_cnts 
20000200  __STACK_END            
20000200  __STACK_TOP            
ffffffff  __TI_pprof_out_hndl    
ffffffff  __TI_prof_data_size    
ffffffff  __TI_prof_data_start   
ffffffff  __binit__              
ffffffff  __c_args__             
ffffffff  binit                  
UNDEFED   __mpu_init             

[39 symbols]
